python : Traceback (most recent call last):
発生場所 行:1 文字:1
+ python researcher.py 2>&1 | Tee-Object -FilePath test_output.txt
+ ~~~~~~~~~~~~~~~~~~~~~~~~~
    + CategoryInfo          : NotSpecified: (Traceback (most recent call last)::String) [], RemoteException
    + FullyQualifiedErrorId : NativeCommandError
 
  File "C:\Users\yoshi\OneDrive\Desktop\ebay_tool\researcher.py", line 3, in <module>
    from ebay_api import search_ebay
  File "C:\Users\yoshi\OneDrive\Desktop\ebay_tool\ebay_api.py", line 1
    cd C:\Users\yoshi\OneDrive\Desktop\ebay_tool
       ^
SyntaxError: invalid syntax
